arcs
.nf
.IS
...maxx 6
...maxy 1.26221
...minx -1.25
...miny -7.41421
...arc 0 0 1.5 0 0.810453 1.26221 0 1 1.5
...arc 0 0 0.675378 1.05184 1.09698 0.599282 1 6.78319 1.25
...arc 0 0 0.877583 0.479426 1 0 0.5 6.28319 1
...arc 0 0 0.658187 0.359569 0.75 0 0.5 6.28319 0.75
...arc 0 0 0.270151 0.420735 0.438791 0.239713 1 6.78319 0.5
...arc 0 0 0.25 0 0.135076 0.210368 0 1 0.25
...arc 3 -6 4 -5 4.41421 -6 0.785398 6.28319 1.41421
...arc 4.5 -3 4.00062 -1.90884 3.31201 -2.83066 2 3 1.2
...arc 0 -3 1 -3 1.19249e-08 -4 0 4.71239 1
...arc 5 0 4 -8.74228e-08 6 0 3.14159 6.28319 1
.IE
