boxgrid
.nf
.IS
...minx -1.5
...maxy 1.5
...maxx 1.5
...miny -1.5
...maxx 1
...maxy 1
...minx -1
...miny -1
...line 0.8 1 0.8 -1
...line 0.4 1 0.4 0.25
...line 0.4 -0.25 0.4 -1
...line 0 1 0 0.75
...line 0 0.25 0 -0.25
...line 0 -0.75 0 -1
...line -0.4 1 -0.4 0.25
...line -0.4 -0.25 -0.4 -1
...line -0.8 1 -0.8 -1
...line 1 0.8 -1 0.8
...line 1 0.4 0.25 0.4
...line -0.25 0.4 -1 0.4
...line 1 0 0.75 0
...line 0.25 0 -0.25 0
...line -0.75 0 -1 0
...line 1 -0.4 0.25 -0.4
...line -0.25 -0.4 -1 -0.4
...line 1 -0.8 -1 -0.8
.IE
.IS
.IE
