opqcirc
.nf
.IS
...maxx 4
...maxy 1
...minx -3
...miny -1
...circle 0 0 1
...arc 3 0 4 0 4 1.74846e-07 0 6.28319 1
...arc 0.5 0 1.5 0 0.25 0.968246 0 1.82348 1
...arc 0.5 0 0.25 -0.968246 1.5 1.74846e-07 4.45971 6.28319 1
...line 3 0 1 0
...line -1 0 -3 0
.IE
