.IS
.IE

.IS
...maxx 0
...maxy -4
...minx 0
...miny -4
...center 0 -4 'version 0
.IE
.IS
...maxx 0.25
...maxy 0.75
...minx -0.25
...miny -4
...center 0 -4 'version 1
...arc 0 0.5 0.25 0.5 -0.25 0.5 0 3.14159 0.25
.IE
.IS
...maxx 0.5
...maxy 1
...minx -0.5
...miny -4
...center 0 -4 'version 2
...arc 0 0.5 0.5 0.5 -2.18557e-08 1 0 1.5708 0.5
...arc 0 0.5 -2.18557e-08 1 -0.5 0.5 1.5708 3.14159 0.5
.IE
.IS
...maxx 0
...maxy -4
...minx 0
...miny -4
...center 0 -4 'version 3
.IE
.IS
...maxx 0.75
...maxy 1.25
...minx -0.75
...miny -4
...center 0 -4 'version 4
...arc 0 0.5 0.75 0.5 -0.75 0.5 0 3.14159 0.75
.IE
.IS
...maxx 0
...maxy -4
...minx 0
...miny -4
...center 0 -4 'version 5
.IE
.IS
...maxx 1
...maxy 1.5
...minx -1
...miny -4
...center 0 -4 'version 6
...arc 0 0.5 1 0.5 -1 0.5 0 3.14159 1
.IE
.IS
...maxx 0
...maxy -4
...minx 0
...miny -4
...center 0 -4 'version 7
.IE
.IS
...maxx 2
...maxy 2.5
...minx -2
...miny -4
...center 0 -4 'version 8
...arc 0 0.5 2 0.5 -2 0.5 0 3.14159 2
.IE
.IS
...maxx 0
...maxy -4
...minx 0
...miny -4
...center 0 -4 'version 9
.IE
.IS
...maxx 1.5
...maxy 1.5
...minx 0
...miny -4
...center 0 -4 'version 10
...arc 1 1 1.5 1 0.5 1 0 3.14159 0.5
.IE
.IS
...maxx 0
...maxy -4
...minx 0
...miny -4
...center 0 -4 'version 11
.IE
.IS
...maxx 1.25
...maxy 1.25
...minx 0
...miny -4
...center 0 -4 'version 12
...arc 1 1 1.25 1 0.75 1 0 3.14159 0.25
.IE
.IS
...maxx 0
...maxy -4
...minx 0
...miny -4
...center 0 -4 'version 13
.IE
.IS
...maxx 3
...maxy 1
...minx 0
...miny -4
...center 0 -4 'version 14
...arc 2 0 3 0 1 -8.74228e-08 0 3.14159 1
.IE
.IS
...maxx 0
...maxy -4
...minx 0
...miny -4
...center 0 -4 'version 15
.IE
.IS
...maxx 3.5
...maxy 1.5
...minx 0
...miny -4
...center 0 -4 'version 16
...arc 2 0 3.5 0 0.564586 0.435414 0 2.84708 1.5
.IE
.IS
...maxx 0.564586
...maxy 0.435414
...minx 0
...miny -4
...center 0 -4 'version 17
...arc 2 0 0.564586 0.435414 0.5 -1.31134e-07 2.84708 3.14159 1.5
.IE
