pen
.nf
.IS
...maxx 3
...maxy -3.5
...minx 0
...miny -4.5
...line 3 -3.5 2 -3.5
...line 2 -3.5 1.98536 -3.58536
...line 1.98536 -3.58536 1.81464 -3.61464
...line 1.81464 -3.61464 1.8 -3.7
...line 1.8 -3.7 1.78536 -3.78536
...line 1.78536 -3.78536 1.61464 -3.81464
...line 1.61464 -3.81464 1.6 -3.9
...line 1.6 -3.9 1.58536 -3.98536
...line 1.58536 -3.98536 1.41464 -4.01464
...line 1.41464 -4.01464 1.4 -4.1
...line 1.4 -4.1 1.38536 -4.18536
...line 1.38536 -4.18536 1.21464 -4.21464
...line 1.21464 -4.21464 1.2 -4.3
...line 1.2 -4.3 1.18536 -4.38536
...line 1.18536 -4.38536 1.01464 -4.41464
...line 1.01464 -4.41464 1 -4.5
...line 1 -4.5 0 -4.5
.IE
.IS
.IE
