pents
.nf
.IS
...maxx 4.15525
...maxy 1.60676
...minx 0.762236
...miny -0.202254
...line 3.20419 1.60676 4.15525 0.91578
...line 4.15525 0.91578 3.79198 -0.202254
...line 3.79198 -0.202254 2.61641 -0.202254
...line 2.61641 -0.202254 2.25314 0.91578
...line 2.25314 0.91578 3.20419 1.60676
...line 2.17557 1.15451 2.30983 1.05697
...line 2.53134 -0.202254 1.73473 -0.202254
...line 1.73473 -0.202254 1.46228 0.636271
...line 1.46228 0.636271 2.17557 1.15451
...line 1.44084 0.702254 1.44535 0.698975
...line 1.67093 -0.202254 1.14695 -0.202254
...line 1.14695 -0.202254 0.965311 0.356763
...line 0.965311 0.356763 1.44084 0.702254
...line 1.10441 -0.202254 0.853054 -0.202254
...line 0.853054 -0.202254 0.762236 0.0772542
...line 0.762236 0.0772542 0.96559 0.225
.IE
.IS
.IE
