rotsq
.nf
.IS
...maxx 3.5
...maxy -2
...minx 1.5
...miny -4
...line 2.5 -2 1.5 -3
...line 1.5 -3 2.5 -4
...line 2.5 -4 3.5 -3
...line 3.5 -3 2.5 -2
...line 3 -3.5 2 -2.5
.IE
.IS
.IE
