tree
.nf
.IS
...maxx 3.33333
...maxy -3
...minx -0.333333
...miny -5.5
...line 3 -5 2.16667 -4.375
...line 1 -5 1.83333 -4.375
...line 2 -4 1.16667 -3.375
...line 0 -4 0.833333 -3.375
...line 3 -5.5 3 -5.25
...line 3.33333 -5.25 2.66667 -5.25
...line 3.33333 -5 3.33333 -5.5
...line 3.33333 -5.5 2.66667 -5.5
...line 2.66667 -5.5 2.66667 -5
...line 2.66667 -5 3.33333 -5
...line 1 -5.5 1 -5.25
...line 1.33333 -5.25 0.666667 -5.25
...line 1.33333 -5 1.33333 -5.5
...line 1.33333 -5.5 0.666667 -5.5
...line 0.666667 -5.5 0.666667 -5
...line 0.666667 -5 1.33333 -5
...line 2 -4.5 2 -4.25
...line 2.33333 -4.25 1.66667 -4.25
...line 2.33333 -4 2.33333 -4.5
...line 2.33333 -4.5 1.66667 -4.5
...line 1.66667 -4.5 1.66667 -4
...line 1.66667 -4 2.33333 -4
...line 0 -4.5 0 -4.25
...line 0.333333 -4.25 -0.333333 -4.25
...line 0.333333 -4 0.333333 -4.5
...line 0.333333 -4.5 -0.333333 -4.5
...line -0.333333 -4.5 -0.333333 -4
...line -0.333333 -4 0.333333 -4
...line 1 -3.5 1 -3.25
...line 1.33333 -3.25 0.666667 -3.25
...line 1.33333 -3 1.33333 -3.5
...line 1.33333 -3.5 0.666667 -3.5
...line 0.666667 -3.5 0.666667 -3
...line 0.666667 -3 1.33333 -3
.IE
.IS
.IE
